AdroitHandRelocateDense-v1, AdroitHandHammerDense-v1, AdroitHandDoorDense-v1 environment's reward functions were updated in v1.2.1 without an environment version update. Therefore, use gymnasium-robotics==1.2.0 for v1 reproducibility or use v2 in gymnasium-robotics>=1.4.3. See https://github.com/Farama-Foundation/Gymnasium-Robotics/pull/220 for more details
AdroitHandRelocateDense-v1, AdroitHandHammerDense-v1, AdroitHandDoorDense-v1 environment's reward functions were updated in v1.2.1 without an environment version update. Therefore, use gymnasium-robotics==1.2.0 for v1 reproducibility or use v2 in gymnasium-robotics>=1.4.3. See https://github.com/Farama-Foundation/Gymnasium-Robotics/pull/220 for more details
AdroitHandRelocateDense-v1, AdroitHandHammerDense-v1, AdroitHandDoorDense-v1 environment's reward functions were updated in v1.2.1 without an environment version update. Therefore, use gymnasium-robotics==1.2.0 for v1 reproducibility or use v2 in gymnasium-robotics>=1.4.3. See https://github.com/Farama-Foundation/Gymnasium-Robotics/pull/220 for more details
AdroitHandRelocateDense-v1, AdroitHandHammerDense-v1, AdroitHandDoorDense-v1 environment's reward functions were updated in v1.2.1 without an environment version update. Therefore, use gymnasium-robotics==1.2.0 for v1 reproducibility or use v2 in gymnasium-robotics>=1.4.3. See https://github.com/Farama-Foundation/Gymnasium-Robotics/pull/220 for more details
AdroitHandRelocateDense-v1, AdroitHandHammerDense-v1, AdroitHandDoorDense-v1 environment's reward functions were updated in v1.2.1 without an environment version update. Therefore, use gymnasium-robotics==1.2.0 for v1 reproducibility or use v2 in gymnasium-robotics>=1.4.3. See https://github.com/Farama-Foundation/Gymnasium-Robotics/pull/220 for more details
AdroitHandRelocateDense-v1, AdroitHandHammerDense-v1, AdroitHandDoorDense-v1 environment's reward functions were updated in v1.2.1 without an environment version update. Therefore, use gymnasium-robotics==1.2.0 for v1 reproducibility or use v2 in gymnasium-robotics>=1.4.3. See https://github.com/Farama-Foundation/Gymnasium-Robotics/pull/220 for more details
AdroitHandRelocateDense-v1, AdroitHandHammerDense-v1, AdroitHandDoorDense-v1 environment's reward functions were updated in v1.2.1 without an environment version update. Therefore, use gymnasium-robotics==1.2.0 for v1 reproducibility or use v2 in gymnasium-robotics>=1.4.3. See https://github.com/Farama-Foundation/Gymnasium-Robotics/pull/220 for more details
AdroitHandRelocateDense-v1, AdroitHandHammerDense-v1, AdroitHandDoorDense-v1 environment's reward functions were updated in v1.2.1 without an environment version update. Therefore, use gymnasium-robotics==1.2.0 for v1 reproducibility or use v2 in gymnasium-robotics>=1.4.3. See https://github.com/Farama-Foundation/Gymnasium-Robotics/pull/220 for more details
AdroitHandRelocateDense-v1, AdroitHandHammerDense-v1, AdroitHandDoorDense-v1 environment's reward functions were updated in v1.2.1 without an environment version update. Therefore, use gymnasium-robotics==1.2.0 for v1 reproducibility or use v2 in gymnasium-robotics>=1.4.3. See https://github.com/Farama-Foundation/Gymnasium-Robotics/pull/220 for more details
AdroitHandRelocateDense-v1, AdroitHandHammerDense-v1, AdroitHandDoorDense-v1 environment's reward functions were updated in v1.2.1 without an environment version update. Therefore, use gymnasium-robotics==1.2.0 for v1 reproducibility or use v2 in gymnasium-robotics>=1.4.3. See https://github.com/Farama-Foundation/Gymnasium-Robotics/pull/220 for more details
AdroitHandRelocateDense-v1, AdroitHandHammerDense-v1, AdroitHandDoorDense-v1 environment's reward functions were updated in v1.2.1 without an environment version update. Therefore, use gymnasium-robotics==1.2.0 for v1 reproducibility or use v2 in gymnasium-robotics>=1.4.3. See https://github.com/Farama-Foundation/Gymnasium-Robotics/pull/220 for more details
AdroitHandRelocateDense-v1, AdroitHandHammerDense-v1, AdroitHandDoorDense-v1 environment's reward functions were updated in v1.2.1 without an environment version update. Therefore, use gymnasium-robotics==1.2.0 for v1 reproducibility or use v2 in gymnasium-robotics>=1.4.3. See https://github.com/Farama-Foundation/Gymnasium-Robotics/pull/220 for more details
AdroitHandRelocateDense-v1, AdroitHandHammerDense-v1, AdroitHandDoorDense-v1 environment's reward functions were updated in v1.2.1 without an environment version update. Therefore, use gymnasium-robotics==1.2.0 for v1 reproducibility or use v2 in gymnasium-robotics>=1.4.3. See https://github.com/Farama-Foundation/Gymnasium-Robotics/pull/220 for more details
C:\Users\Ali Akarma\Desktop\Current Research\ICLR\Paper 1\Safe-Lie\src\safelie\defenses\__init__.py:41: RuntimeWarning: RCE: retained set size 1 < min_retained=3; MAD=0 is unreliable or exactly zero. Flooring spread at sigma_min=0.001 and marking guarantee_in_force=False for this round rather than silently returning a confident-looking margin (PROJECT_REPORT.md §13.2/§R10.2, smoke test S8).
  return rce_aggregate(values, f, beta, **kwargs)
RCE: retained set size 1 < min_retained=3; MAD=0 is unreliable or exactly zero. Flooring spread at sigma_min=0.001 and marking guarantee_in_force=False for this round rather than silently returning a confident-looking margin (PROJECT_REPORT.md §13.2/§R10.2, smoke test S8).
RCE: retained set size 1 < min_retained=3; MAD=0 is unreliable or exactly zero. Flooring spread at sigma_min=0.001 and marking guarantee_in_force=False for this round rather than silently returning a confident-looking margin (PROJECT_REPORT.md §13.2/§R10.2, smoke test S8).
RCE: retained set size 1 < min_retained=3; MAD=0 is unreliable or exactly zero. Flooring spread at sigma_min=0.001 and marking guarantee_in_force=False for this round rather than silently returning a confident-looking margin (PROJECT_REPORT.md §13.2/§R10.2, smoke test S8).
RCE: retained set size 1 < min_retained=3; MAD=0 is unreliable or exactly zero. Flooring spread at sigma_min=0.001 and marking guarantee_in_force=False for this round rather than silently returning a confident-looking margin (PROJECT_REPORT.md §13.2/§R10.2, smoke test S8).
RCE: retained set size 1 < min_retained=3; MAD=0 is unreliable or exactly zero. Flooring spread at sigma_min=0.001 and marking guarantee_in_force=False for this round rather than silently returning a confident-looking margin (PROJECT_REPORT.md §13.2/§R10.2, smoke test S8).
RCE: retained set size 1 < min_retained=3; MAD=0 is unreliable or exactly zero. Flooring spread at sigma_min=0.001 and marking guarantee_in_force=False for this round rather than silently returning a confident-looking margin (PROJECT_REPORT.md §13.2/§R10.2, smoke test S8).
AdroitHandRelocateDense-v1, AdroitHandHammerDense-v1, AdroitHandDoorDense-v1 environment's reward functions were updated in v1.2.1 without an environment version update. Therefore, use gymnasium-robotics==1.2.0 for v1 reproducibility or use v2 in gymnasium-robotics>=1.4.3. See https://github.com/Farama-Foundation/Gymnasium-Robotics/pull/220 for more details
AdroitHandRelocateDense-v1, AdroitHandHammerDense-v1, AdroitHandDoorDense-v1 environment's reward functions were updated in v1.2.1 without an environment version update. Therefore, use gymnasium-robotics==1.2.0 for v1 reproducibility or use v2 in gymnasium-robotics>=1.4.3. See https://github.com/Farama-Foundation/Gymnasium-Robotics/pull/220 for more details
AdroitHandRelocateDense-v1, AdroitHandHammerDense-v1, AdroitHandDoorDense-v1 environment's reward functions were updated in v1.2.1 without an environment version update. Therefore, use gymnasium-robotics==1.2.0 for v1 reproducibility or use v2 in gymnasium-robotics>=1.4.3. See https://github.com/Farama-Foundation/Gymnasium-Robotics/pull/220 for more details
AdroitHandRelocateDense-v1, AdroitHandHammerDense-v1, AdroitHandDoorDense-v1 environment's reward functions were updated in v1.2.1 without an environment version update. Therefore, use gymnasium-robotics==1.2.0 for v1 reproducibility or use v2 in gymnasium-robotics>=1.4.3. See https://github.com/Farama-Foundation/Gymnasium-Robotics/pull/220 for more details
AdroitHandRelocateDense-v1, AdroitHandHammerDense-v1, AdroitHandDoorDense-v1 environment's reward functions were updated in v1.2.1 without an environment version update. Therefore, use gymnasium-robotics==1.2.0 for v1 reproducibility or use v2 in gymnasium-robotics>=1.4.3. See https://github.com/Farama-Foundation/Gymnasium-Robotics/pull/220 for more details
AdroitHandRelocateDense-v1, AdroitHandHammerDense-v1, AdroitHandDoorDense-v1 environment's reward functions were updated in v1.2.1 without an environment version update. Therefore, use gymnasium-robotics==1.2.0 for v1 reproducibility or use v2 in gymnasium-robotics>=1.4.3. See https://github.com/Farama-Foundation/Gymnasium-Robotics/pull/220 for more details
AdroitHandRelocateDense-v1, AdroitHandHammerDense-v1, AdroitHandDoorDense-v1 environment's reward functions were updated in v1.2.1 without an environment version update. Therefore, use gymnasium-robotics==1.2.0 for v1 reproducibility or use v2 in gymnasium-robotics>=1.4.3. See https://github.com/Farama-Foundation/Gymnasium-Robotics/pull/220 for more details
AdroitHandRelocateDense-v1, AdroitHandHammerDense-v1, AdroitHandDoorDense-v1 environment's reward functions were updated in v1.2.1 without an environment version update. Therefore, use gymnasium-robotics==1.2.0 for v1 reproducibility or use v2 in gymnasium-robotics>=1.4.3. See https://github.com/Farama-Foundation/Gymnasium-Robotics/pull/220 for more details
AdroitHandRelocateDense-v1, AdroitHandHammerDense-v1, AdroitHandDoorDense-v1 environment's reward functions were updated in v1.2.1 without an environment version update. Therefore, use gymnasium-robotics==1.2.0 for v1 reproducibility or use v2 in gymnasium-robotics>=1.4.3. See https://github.com/Farama-Foundation/Gymnasium-Robotics/pull/220 for more details
AdroitHandRelocateDense-v1, AdroitHandHammerDense-v1, AdroitHandDoorDense-v1 environment's reward functions were updated in v1.2.1 without an environment version update. Therefore, use gymnasium-robotics==1.2.0 for v1 reproducibility or use v2 in gymnasium-robotics>=1.4.3. See https://github.com/Farama-Foundation/Gymnasium-Robotics/pull/220 for more details
AdroitHandRelocateDense-v1, AdroitHandHammerDense-v1, AdroitHandDoorDense-v1 environment's reward functions were updated in v1.2.1 without an environment version update. Therefore, use gymnasium-robotics==1.2.0 for v1 reproducibility or use v2 in gymnasium-robotics>=1.4.3. See https://github.com/Farama-Foundation/Gymnasium-Robotics/pull/220 for more details
AdroitHandRelocateDense-v1, AdroitHandHammerDense-v1, AdroitHandDoorDense-v1 environment's reward functions were updated in v1.2.1 without an environment version update. Therefore, use gymnasium-robotics==1.2.0 for v1 reproducibility or use v2 in gymnasium-robotics>=1.4.3. See https://github.com/Farama-Foundation/Gymnasium-Robotics/pull/220 for more details
RCE: retained set size 1 < min_retained=3; MAD=0 is unreliable or exactly zero. Flooring spread at sigma_min=0.001 and marking guarantee_in_force=False for this round rather than silently returning a confident-looking margin (PROJECT_REPORT.md §13.2/§R10.2, smoke test S8).
RCE: retained set size 1 < min_retained=3; MAD=0 is unreliable or exactly zero. Flooring spread at sigma_min=0.001 and marking guarantee_in_force=False for this round rather than silently returning a confident-looking margin (PROJECT_REPORT.md §13.2/§R10.2, smoke test S8).
RCE: retained set size 1 < min_retained=3; MAD=0 is unreliable or exactly zero. Flooring spread at sigma_min=0.001 and marking guarantee_in_force=False for this round rather than silently returning a confident-looking margin (PROJECT_REPORT.md §13.2/§R10.2, smoke test S8).
RCE: retained set size 1 < min_retained=3; MAD=0 is unreliable or exactly zero. Flooring spread at sigma_min=0.001 and marking guarantee_in_force=False for this round rather than silently returning a confident-looking margin (PROJECT_REPORT.md §13.2/§R10.2, smoke test S8).
RCE: retained set size 1 < min_retained=3; MAD=0 is unreliable or exactly zero. Flooring spread at sigma_min=0.001 and marking guarantee_in_force=False for this round rather than silently returning a confident-looking margin (PROJECT_REPORT.md §13.2/§R10.2, smoke test S8).
RCE: retained set size 1 < min_retained=3; MAD=0 is unreliable or exactly zero. Flooring spread at sigma_min=0.001 and marking guarantee_in_force=False for this round rather than silently returning a confident-looking margin (PROJECT_REPORT.md §13.2/§R10.2, smoke test S8).
RCE: retained set size 1 < min_retained=3; MAD=0 is unreliable or exactly zero. Flooring spread at sigma_min=0.001 and marking guarantee_in_force=False for this round rather than silently returning a confident-looking margin (PROJECT_REPORT.md §13.2/§R10.2, smoke test S8).
RCE: retained set size 1 < min_retained=3; MAD=0 is unreliable or exactly zero. Flooring spread at sigma_min=0.001 and marking guarantee_in_force=False for this round rather than silently returning a confident-looking margin (PROJECT_REPORT.md §13.2/§R10.2, smoke test S8).
RCE: retained set size 1 < min_retained=3; MAD=0 is unreliable or exactly zero. Flooring spread at sigma_min=0.001 and marking guarantee_in_force=False for this round rather than silently returning a confident-looking margin (PROJECT_REPORT.md §13.2/§R10.2, smoke test S8).
RCE: retained set size 1 < min_retained=3; MAD=0 is unreliable or exactly zero. Flooring spread at sigma_min=0.001 and marking guarantee_in_force=False for this round rather than silently returning a confident-looking margin (PROJECT_REPORT.md §13.2/§R10.2, smoke test S8).
RCE: retained set size 1 < min_retained=3; MAD=0 is unreliable or exactly zero. Flooring spread at sigma_min=0.001 and marking guarantee_in_force=False for this round rather than silently returning a confident-looking margin (PROJECT_REPORT.md §13.2/§R10.2, smoke test S8).
RCE: retained set size 1 < min_retained=3; MAD=0 is unreliable or exactly zero. Flooring spread at sigma_min=0.001 and marking guarantee_in_force=False for this round rather than silently returning a confident-looking margin (PROJECT_REPORT.md §13.2/§R10.2, smoke test S8).
RCE: retained set size 1 < min_retained=3; MAD=0 is unreliable or exactly zero. Flooring spread at sigma_min=0.001 and marking guarantee_in_force=False for this round rather than silently returning a confident-looking margin (PROJECT_REPORT.md §13.2/§R10.2, smoke test S8).
RCE: retained set size 1 < min_retained=3; MAD=0 is unreliable or exactly zero. Flooring spread at sigma_min=0.001 and marking guarantee_in_force=False for this round rather than silently returning a confident-looking margin (PROJECT_REPORT.md §13.2/§R10.2, smoke test S8).
RCE: retained set size 1 < min_retained=3; MAD=0 is unreliable or exactly zero. Flooring spread at sigma_min=0.001 and marking guarantee_in_force=False for this round rather than silently returning a confident-looking margin (PROJECT_REPORT.md §13.2/§R10.2, smoke test S8).
RCE: retained set size 1 < min_retained=3; MAD=0 is unreliable or exactly zero. Flooring spread at sigma_min=0.001 and marking guarantee_in_force=False for this round rather than silently returning a confident-looking margin (PROJECT_REPORT.md §13.2/§R10.2, smoke test S8).
RCE: retained set size 1 < min_retained=3; MAD=0 is unreliable or exactly zero. Flooring spread at sigma_min=0.001 and marking guarantee_in_force=False for this round rather than silently returning a confident-looking margin (PROJECT_REPORT.md §13.2/§R10.2, smoke test S8).
RCE: retained set size 1 < min_retained=3; MAD=0 is unreliable or exactly zero. Flooring spread at sigma_min=0.001 and marking guarantee_in_force=False for this round rather than silently returning a confident-looking margin (PROJECT_REPORT.md §13.2/§R10.2, smoke test S8).
RCE: retained set size 1 < min_retained=3; MAD=0 is unreliable or exactly zero. Flooring spread at sigma_min=0.001 and marking guarantee_in_force=False for this round rather than silently returning a confident-looking margin (PROJECT_REPORT.md §13.2/§R10.2, smoke test S8).
RCE: retained set size 1 < min_retained=3; MAD=0 is unreliable or exactly zero. Flooring spread at sigma_min=0.001 and marking guarantee_in_force=False for this round rather than silently returning a confident-looking margin (PROJECT_REPORT.md §13.2/§R10.2, smoke test S8).
RCE: retained set size 1 < min_retained=3; MAD=0 is unreliable or exactly zero. Flooring spread at sigma_min=0.001 and marking guarantee_in_force=False for this round rather than silently returning a confident-looking margin (PROJECT_REPORT.md §13.2/§R10.2, smoke test S8).
RCE: retained set size 1 < min_retained=3; MAD=0 is unreliable or exactly zero. Flooring spread at sigma_min=0.001 and marking guarantee_in_force=False for this round rather than silently returning a confident-looking margin (PROJECT_REPORT.md §13.2/§R10.2, smoke test S8).
RCE: retained set size 1 < min_retained=3; MAD=0 is unreliable or exactly zero. Flooring spread at sigma_min=0.001 and marking guarantee_in_force=False for this round rather than silently returning a confident-looking margin (PROJECT_REPORT.md §13.2/§R10.2, smoke test S8).
RCE: retained set size 1 < min_retained=3; MAD=0 is unreliable or exactly zero. Flooring spread at sigma_min=0.001 and marking guarantee_in_force=False for this round rather than silently returning a confident-looking margin (PROJECT_REPORT.md §13.2/§R10.2, smoke test S8).
Output directory: results\a2_mechanism_check\mech_rce_clean
Loaded and validated config: run_id=mech_rce_clean, seed=0, env=manyagent_ant, attack=none, defense=rce, sources M=3 (effective_M=3)
NOTE: env.name='manyagent_ant' runs on the Safe MAMuJoCo adapter (backend=mamujoco). Read safelie/envs/mamujoco.py's docstring before interpreting these numbers, and confirm the cost constraint binds with scripts/calibrate_cost.py.
Run complete in 639.7s. Artifacts written to: results\a2_mechanism_check\mech_rce_clean
